// Jest Snapshot v1, https://goo.gl/fbAQLP

exports[`App renders correctly 1`] = `
<div
  className="app-container"
>
  <h1>
    Hello worlds!
  </h1>
  <section
    className="overview-section"
  >
    <div
      className="promotion-container"
    />
    <div
      className="product-container"
    >
      <div
        className="image-gallery-container"
      />
    </div>
    <div
      className="description-container"
    />
  </section>
  <section
    className="items-comp--section"
  >
    <p
      style={
        {
          "fontSize": "2rem",
        }
      }
    >
      Loading...
    </p>
  </section>
  <section>
    <h2>
      QUESTIONS & ANSWERS
    </h2>
    <input
      onChange={[Function]}
      placeholder="Search for a question"
      type="search"
    />
    <button
      className="questionSearchButton"
    >
      Search
    </button>
    <button
      className="moreQuestionsButton"
      hidden={false}
      onClick={[Function]}
      type="submit"
    >
      MORE QUESTIONS
       (0)
    </button>
    <button
      className="askQuestionButton"
      onClick={[Function]}
      type="submit"
    >
      ASK A QUESTION
    </button>
    <form
      className="askQuestionContainer"
      hidden={true}
      value=""
    >
      <input
        className="askQuestionNameInput"
        maxLength="60"
        onChange={[Function]}
        placeholder="Name"
        value=""
      />
      <input
        className="askQuestionEmailInput"
        maxLength="60"
        onChange={[Function]}
        placeholder="Email"
        value=""
      />
      <textarea
        cols="50"
        maxLength="1000"
        onChange={[Function]}
        placeholder="question"
        rows="5"
        type="text"
      />
      <button
        className="submitAskQuestionButton"
        onClick={[Function]}
        type="submit"
      >
        Submit
      </button>
    </form>
  </section>
  <section
    className="ratingReview"
    id="review"
  >
    <div
      className="reviewsList"
    >
      <h1>
        Reviews List! 
      </h1>
      <button
        onClick={[Function]}
        type="button"
      >
        Show more reviews
      </button>
    </div>
    <div>
      Rating Breakdown
    </div>
    <div>
      Product Breakdown
    </div>
    <div>
      <button
        onClick={[Function]}
      >
        Write a review
      </button>
    </div>
  </section>
</div>
`;
